// Jest Snapshot v1, https://goo.gl/fbAQLP

exports[`VersionInfo render should render as expected 1`] = `
<span>
  Version - 
  0.1.0
</span>
`;
